------------------------------------------------------------
TimeQuest Timing Analyzer Summary
------------------------------------------------------------

Type  : Slow 1200mV 85C Model Setup 'CLOCK_50'
Slack : -2.594
TNS   : -50.425

Type  : Slow 1200mV 85C Model Setup 'Clk'
Slack : -2.090
TNS   : -29.128

Type  : Slow 1200mV 85C Model Hold 'Clk'
Slack : 0.328
TNS   : 0.000

Type  : Slow 1200mV 85C Model Hold 'CLOCK_50'
Slack : 0.357
TNS   : 0.000

Type  : Slow 1200mV 85C Model Minimum Pulse Width 'CLOCK_50'
Slack : -3.000
TNS   : -25.000

Type  : Slow 1200mV 85C Model Minimum Pulse Width 'Clk'
Slack : -3.000
TNS   : -21.000

Type  : Slow 1200mV 0C Model Setup 'CLOCK_50'
Slack : -2.250
TNS   : -43.218

Type  : Slow 1200mV 0C Model Setup 'Clk'
Slack : -1.751
TNS   : -24.305

Type  : Slow 1200mV 0C Model Hold 'Clk'
Slack : 0.291
TNS   : 0.000

Type  : Slow 1200mV 0C Model Hold 'CLOCK_50'
Slack : 0.311
TNS   : 0.000

Type  : Slow 1200mV 0C Model Minimum Pulse Width 'CLOCK_50'
Slack : -3.000
TNS   : -25.000

Type  : Slow 1200mV 0C Model Minimum Pulse Width 'Clk'
Slack : -3.000
TNS   : -21.000

Type  : Fast 1200mV 0C Model Setup 'CLOCK_50'
Slack : -0.974
TNS   : -17.831

Type  : Fast 1200mV 0C Model Setup 'Clk'
Slack : -0.742
TNS   : -8.600

Type  : Fast 1200mV 0C Model Hold 'Clk'
Slack : 0.150
TNS   : 0.000

Type  : Fast 1200mV 0C Model Hold 'CLOCK_50'
Slack : 0.186
TNS   : 0.000

Type  : Fast 1200mV 0C Model Minimum Pulse Width 'CLOCK_50'
Slack : -3.000
TNS   : -26.529

Type  : Fast 1200mV 0C Model Minimum Pulse Width 'Clk'
Slack : -3.000
TNS   : -22.179

------------------------------------------------------------
